/home/arham/tracked_multi/install/base_link_description/lib/python3.10/site-packages/base_link_description/__init__.py
/home/arham/tracked_multi/install/base_link_description/lib/python3.10/site-packages/base_link_description/__pycache__/__init__.cpython-310.pyc
/home/arham/tracked_multi/install/base_link_description/share/ament_index/resource_index/packages/base_link_description
/home/arham/tracked_multi/install/base_link_description/share/base_link_description/package.xml
/home/arham/tracked_multi/install/base_link_description/share/base_link_description/launch/display.launch.py
/home/arham/tracked_multi/install/base_link_description/share/base_link_description/launch/control.launch.py
/home/arham/tracked_multi/install/base_link_description/share/base_link_description/launch/gazebo.launch.py
/home/arham/tracked_multi/install/base_link_description/share/base_link_description/urdf/base_link.ros2control.xml
/home/arham/tracked_multi/install/base_link_description/share/base_link_description/urdf/base_link.xacro
/home/arham/tracked_multi/install/base_link_description/share/base_link_description/urdf/base_link.gazebo
/home/arham/tracked_multi/install/base_link_description/share/base_link_description/urdf/materials.xacro
/home/arham/tracked_multi/install/base_link_description/share/base_link_description/meshes/right_back_wheel_v2_1.stl
/home/arham/tracked_multi/install/base_link_description/share/base_link_description/meshes/right_glide_wheel_3_v2_1.stl
/home/arham/tracked_multi/install/base_link_description/share/base_link_description/meshes/left_track_v3_1.stl
/home/arham/tracked_multi/install/base_link_description/share/base_link_description/meshes/left_bar_v2_1.stl
/home/arham/tracked_multi/install/base_link_description/share/base_link_description/meshes/antenna_v2_1.stl
/home/arham/tracked_multi/install/base_link_description/share/base_link_description/meshes/left_back_wheel_v2_1.stl
/home/arham/tracked_multi/install/base_link_description/share/base_link_description/meshes/right_bar_v2_1.stl
/home/arham/tracked_multi/install/base_link_description/share/base_link_description/meshes/right_track_v2_1.stl
/home/arham/tracked_multi/install/base_link_description/share/base_link_description/meshes/left_front_glide_wheel_holder_v2_1.stl
/home/arham/tracked_multi/install/base_link_description/share/base_link_description/meshes/left_glide_wheel_1_v2_1.stl
/home/arham/tracked_multi/install/base_link_description/share/base_link_description/meshes/right_glide_wheel_1_v2_1.stl
/home/arham/tracked_multi/install/base_link_description/share/base_link_description/meshes/left_glide_wheel_3_v2_1.stl
/home/arham/tracked_multi/install/base_link_description/share/base_link_description/meshes/right_front_wheel_v2_1.stl
/home/arham/tracked_multi/install/base_link_description/share/base_link_description/meshes/left_glide_wheel_2_v2_1.stl
/home/arham/tracked_multi/install/base_link_description/share/base_link_description/meshes/left_front_wheel_v2_1.stl
/home/arham/tracked_multi/install/base_link_description/share/base_link_description/meshes/base_link.stl
/home/arham/tracked_multi/install/base_link_description/share/base_link_description/meshes/left_glide_wheel_4_v2_1.stl
/home/arham/tracked_multi/install/base_link_description/share/base_link_description/meshes/right_glide_wheel_4_v2_1.stl
/home/arham/tracked_multi/install/base_link_description/share/base_link_description/meshes/right_back_glide_wheel_holder_v2_1.stl
/home/arham/tracked_multi/install/base_link_description/share/base_link_description/meshes/right_glide_wheel_2_v2_1.stl
/home/arham/tracked_multi/install/base_link_description/share/base_link_description/meshes/left_back_glide_wheel_holder_v2_1.stl
/home/arham/tracked_multi/install/base_link_description/share/base_link_description/meshes/right_front_glide_wheel_holder_v2_1.stl
/home/arham/tracked_multi/install/base_link_description/share/base_link_description/config/controllers.yaml
/home/arham/tracked_multi/install/base_link_description/share/base_link_description/config/ros_gz_bridge_gazebo.yaml
/home/arham/tracked_multi/install/base_link_description/share/base_link_description/config/display.rviz
/home/arham/tracked_multi/install/base_link_description/share/base_link_description/config/gazebo.rviz
/home/arham/tracked_multi/install/base_link_description/lib/python3.10/site-packages/base_link_description-0.0.0-py3.10.egg-info/SOURCES.txt
/home/arham/tracked_multi/install/base_link_description/lib/python3.10/site-packages/base_link_description-0.0.0-py3.10.egg-info/dependency_links.txt
/home/arham/tracked_multi/install/base_link_description/lib/python3.10/site-packages/base_link_description-0.0.0-py3.10.egg-info/requires.txt
/home/arham/tracked_multi/install/base_link_description/lib/python3.10/site-packages/base_link_description-0.0.0-py3.10.egg-info/zip-safe
/home/arham/tracked_multi/install/base_link_description/lib/python3.10/site-packages/base_link_description-0.0.0-py3.10.egg-info/top_level.txt
/home/arham/tracked_multi/install/base_link_description/lib/python3.10/site-packages/base_link_description-0.0.0-py3.10.egg-info/entry_points.txt
/home/arham/tracked_multi/install/base_link_description/lib/python3.10/site-packages/base_link_description-0.0.0-py3.10.egg-info/PKG-INFO
