[0.554s] Invoking command in '/home/arham/tracked_multi/base_link_description': PYTHONPATH=/home/arham/tracked_multi/build/base_link_description/prefix_override:/usr/lib/python3/dist-packages/colcon_core/task/python/colcon_distutils_commands:/home/arham/tracked_multi/install/base_link_description/lib/python3.10/site-packages:${PYTHONPATH} /usr/bin/python3 -W ignore:setup.py install is deprecated -W ignore:easy_install command is deprecated setup.py egg_info --egg-base ../build/base_link_description build --build-base /home/arham/tracked_multi/build/base_link_description/build install --record /home/arham/tracked_multi/build/base_link_description/install.log --single-version-externally-managed install_data
[0.763s] running egg_info
[0.763s] writing ../build/base_link_description/base_link_description.egg-info/PKG-INFO
[0.763s] writing dependency_links to ../build/base_link_description/base_link_description.egg-info/dependency_links.txt
[0.764s] writing entry points to ../build/base_link_description/base_link_description.egg-info/entry_points.txt
[0.764s] writing requirements to ../build/base_link_description/base_link_description.egg-info/requires.txt
[0.764s] writing top-level names to ../build/base_link_description/base_link_description.egg-info/top_level.txt
[0.766s] reading manifest file '../build/base_link_description/base_link_description.egg-info/SOURCES.txt'
[0.768s] writing manifest file '../build/base_link_description/base_link_description.egg-info/SOURCES.txt'
[0.768s] running build
[0.768s] running build_py
[0.768s] running install
[0.768s] running install_lib
[0.769s] running install_data
[0.769s] copying package.xml -> /home/arham/tracked_multi/install/base_link_description/share/base_link_description
[0.769s] copying launch/control.launch.py -> /home/arham/tracked_multi/install/base_link_description/share/base_link_description/launch
[0.769s] copying launch/gazebo.launch.py -> /home/arham/tracked_multi/install/base_link_description/share/base_link_description/launch
[0.769s] copying urdf/base_link.ros2control.xml -> /home/arham/tracked_multi/install/base_link_description/share/base_link_description/urdf
[0.769s] copying urdf/base_link.xacro -> /home/arham/tracked_multi/install/base_link_description/share/base_link_description/urdf
[0.770s] copying urdf/base_link.gazebo -> /home/arham/tracked_multi/install/base_link_description/share/base_link_description/urdf
[0.770s] copying config/ros_gz_bridge_gazebo.yaml -> /home/arham/tracked_multi/install/base_link_description/share/base_link_description/config
[0.770s] running install_egg_info
[0.772s] removing '/home/arham/tracked_multi/install/base_link_description/lib/python3.10/site-packages/base_link_description-0.0.0-py3.10.egg-info' (and everything under it)
[0.772s] Copying ../build/base_link_description/base_link_description.egg-info to /home/arham/tracked_multi/install/base_link_description/lib/python3.10/site-packages/base_link_description-0.0.0-py3.10.egg-info
[0.773s] running install_scripts
[0.790s] writing list of installed files to '/home/arham/tracked_multi/build/base_link_description/install.log'
[0.809s] Invoked command in '/home/arham/tracked_multi/base_link_description' returned '0': PYTHONPATH=/home/arham/tracked_multi/build/base_link_description/prefix_override:/usr/lib/python3/dist-packages/colcon_core/task/python/colcon_distutils_commands:/home/arham/tracked_multi/install/base_link_description/lib/python3.10/site-packages:${PYTHONPATH} /usr/bin/python3 -W ignore:setup.py install is deprecated -W ignore:easy_install command is deprecated setup.py egg_info --egg-base ../build/base_link_description build --build-base /home/arham/tracked_multi/build/base_link_description/build install --record /home/arham/tracked_multi/build/base_link_description/install.log --single-version-externally-managed install_data
