[0.635s] Invoking command in '/home/arham/tracked_multi/base_link_description': PYTHONPATH=/home/arham/tracked_multi/build/base_link_description/prefix_override:/usr/lib/python3/dist-packages/colcon_core/task/python/colcon_distutils_commands:/home/arham/tracked_multi/install/base_link_description/lib/python3.10/site-packages:${PYTHONPATH} /usr/bin/python3 -W ignore:setup.py install is deprecated -W ignore:easy_install command is deprecated setup.py egg_info --egg-base ../build/base_link_description build --build-base /home/arham/tracked_multi/build/base_link_description/build install --record /home/arham/tracked_multi/build/base_link_description/install.log --single-version-externally-managed install_data
[0.872s] running egg_info
[0.873s] creating ../build/base_link_description/base_link_description.egg-info
[0.873s] writing ../build/base_link_description/base_link_description.egg-info/PKG-INFO
[0.873s] writing dependency_links to ../build/base_link_description/base_link_description.egg-info/dependency_links.txt
[0.873s] writing entry points to ../build/base_link_description/base_link_description.egg-info/entry_points.txt
[0.873s] writing requirements to ../build/base_link_description/base_link_description.egg-info/requires.txt
[0.873s] writing top-level names to ../build/base_link_description/base_link_description.egg-info/top_level.txt
[0.873s] writing manifest file '../build/base_link_description/base_link_description.egg-info/SOURCES.txt'
[0.876s] reading manifest file '../build/base_link_description/base_link_description.egg-info/SOURCES.txt'
[0.877s] writing manifest file '../build/base_link_description/base_link_description.egg-info/SOURCES.txt'
[0.878s] running build
[0.878s] running build_py
[0.878s] creating /home/arham/tracked_multi/build/base_link_description/build
[0.878s] creating /home/arham/tracked_multi/build/base_link_description/build/lib
[0.878s] creating /home/arham/tracked_multi/build/base_link_description/build/lib/base_link_description
[0.878s] copying base_link_description/__init__.py -> /home/arham/tracked_multi/build/base_link_description/build/lib/base_link_description
[0.878s] running install
[0.878s] running install_lib
[0.878s] creating /home/arham/tracked_multi/install/base_link_description/lib/python3.10/site-packages/base_link_description
[0.879s] copying /home/arham/tracked_multi/build/base_link_description/build/lib/base_link_description/__init__.py -> /home/arham/tracked_multi/install/base_link_description/lib/python3.10/site-packages/base_link_description
[0.879s] byte-compiling /home/arham/tracked_multi/install/base_link_description/lib/python3.10/site-packages/base_link_description/__init__.py to __init__.cpython-310.pyc
[0.879s] running install_data
[0.879s] creating /home/arham/tracked_multi/install/base_link_description/share/ament_index
[0.879s] creating /home/arham/tracked_multi/install/base_link_description/share/ament_index/resource_index
[0.879s] creating /home/arham/tracked_multi/install/base_link_description/share/ament_index/resource_index/packages
[0.879s] copying resource/base_link_description -> /home/arham/tracked_multi/install/base_link_description/share/ament_index/resource_index/packages
[0.879s] copying package.xml -> /home/arham/tracked_multi/install/base_link_description/share/base_link_description
[0.880s] creating /home/arham/tracked_multi/install/base_link_description/share/base_link_description/launch
[0.880s] copying launch/display.launch.py -> /home/arham/tracked_multi/install/base_link_description/share/base_link_description/launch
[0.880s] copying launch/control.launch.py -> /home/arham/tracked_multi/install/base_link_description/share/base_link_description/launch
[0.880s] copying launch/gazebo.launch.py -> /home/arham/tracked_multi/install/base_link_description/share/base_link_description/launch
[0.880s] creating /home/arham/tracked_multi/install/base_link_description/share/base_link_description/urdf
[0.880s] copying urdf/base_link.ros2control.xml -> /home/arham/tracked_multi/install/base_link_description/share/base_link_description/urdf
[0.880s] copying urdf/base_link.xacro -> /home/arham/tracked_multi/install/base_link_description/share/base_link_description/urdf
[0.880s] copying urdf/base_link.gazebo -> /home/arham/tracked_multi/install/base_link_description/share/base_link_description/urdf
[0.880s] copying urdf/materials.xacro -> /home/arham/tracked_multi/install/base_link_description/share/base_link_description/urdf
[0.880s] creating /home/arham/tracked_multi/install/base_link_description/share/base_link_description/meshes
[0.880s] copying meshes/right_back_wheel_v2_1.stl -> /home/arham/tracked_multi/install/base_link_description/share/base_link_description/meshes
[0.880s] copying meshes/right_glide_wheel_3_v2_1.stl -> /home/arham/tracked_multi/install/base_link_description/share/base_link_description/meshes
[0.880s] copying meshes/left_track_v3_1.stl -> /home/arham/tracked_multi/install/base_link_description/share/base_link_description/meshes
[0.880s] copying meshes/left_bar_v2_1.stl -> /home/arham/tracked_multi/install/base_link_description/share/base_link_description/meshes
[0.880s] copying meshes/antenna_v2_1.stl -> /home/arham/tracked_multi/install/base_link_description/share/base_link_description/meshes
[0.881s] copying meshes/left_back_wheel_v2_1.stl -> /home/arham/tracked_multi/install/base_link_description/share/base_link_description/meshes
[0.881s] copying meshes/right_bar_v2_1.stl -> /home/arham/tracked_multi/install/base_link_description/share/base_link_description/meshes
[0.881s] copying meshes/right_track_v2_1.stl -> /home/arham/tracked_multi/install/base_link_description/share/base_link_description/meshes
[0.881s] copying meshes/left_front_glide_wheel_holder_v2_1.stl -> /home/arham/tracked_multi/install/base_link_description/share/base_link_description/meshes
[0.881s] copying meshes/left_glide_wheel_1_v2_1.stl -> /home/arham/tracked_multi/install/base_link_description/share/base_link_description/meshes
[0.881s] copying meshes/right_glide_wheel_1_v2_1.stl -> /home/arham/tracked_multi/install/base_link_description/share/base_link_description/meshes
[0.881s] copying meshes/left_glide_wheel_3_v2_1.stl -> /home/arham/tracked_multi/install/base_link_description/share/base_link_description/meshes
[0.881s] copying meshes/right_front_wheel_v2_1.stl -> /home/arham/tracked_multi/install/base_link_description/share/base_link_description/meshes
[0.881s] copying meshes/left_glide_wheel_2_v2_1.stl -> /home/arham/tracked_multi/install/base_link_description/share/base_link_description/meshes
[0.881s] copying meshes/left_front_wheel_v2_1.stl -> /home/arham/tracked_multi/install/base_link_description/share/base_link_description/meshes
[0.882s] copying meshes/base_link.stl -> /home/arham/tracked_multi/install/base_link_description/share/base_link_description/meshes
[0.882s] copying meshes/left_glide_wheel_4_v2_1.stl -> /home/arham/tracked_multi/install/base_link_description/share/base_link_description/meshes
[0.882s] copying meshes/right_glide_wheel_4_v2_1.stl -> /home/arham/tracked_multi/install/base_link_description/share/base_link_description/meshes
[0.882s] copying meshes/right_back_glide_wheel_holder_v2_1.stl -> /home/arham/tracked_multi/install/base_link_description/share/base_link_description/meshes
[0.882s] copying meshes/right_glide_wheel_2_v2_1.stl -> /home/arham/tracked_multi/install/base_link_description/share/base_link_description/meshes
[0.882s] copying meshes/left_back_glide_wheel_holder_v2_1.stl -> /home/arham/tracked_multi/install/base_link_description/share/base_link_description/meshes
[0.882s] copying meshes/right_front_glide_wheel_holder_v2_1.stl -> /home/arham/tracked_multi/install/base_link_description/share/base_link_description/meshes
[0.882s] creating /home/arham/tracked_multi/install/base_link_description/share/base_link_description/config
[0.882s] copying config/controllers.yaml -> /home/arham/tracked_multi/install/base_link_description/share/base_link_description/config
[0.882s] copying config/ros_gz_bridge_gazebo.yaml -> /home/arham/tracked_multi/install/base_link_description/share/base_link_description/config
[0.882s] copying config/display.rviz -> /home/arham/tracked_multi/install/base_link_description/share/base_link_description/config
[0.882s] copying config/gazebo.rviz -> /home/arham/tracked_multi/install/base_link_description/share/base_link_description/config
[0.883s] running install_egg_info
[0.885s] Copying ../build/base_link_description/base_link_description.egg-info to /home/arham/tracked_multi/install/base_link_description/lib/python3.10/site-packages/base_link_description-0.0.0-py3.10.egg-info
[0.885s] running install_scripts
[0.902s] writing list of installed files to '/home/arham/tracked_multi/build/base_link_description/install.log'
[0.918s] Invoked command in '/home/arham/tracked_multi/base_link_description' returned '0': PYTHONPATH=/home/arham/tracked_multi/build/base_link_description/prefix_override:/usr/lib/python3/dist-packages/colcon_core/task/python/colcon_distutils_commands:/home/arham/tracked_multi/install/base_link_description/lib/python3.10/site-packages:${PYTHONPATH} /usr/bin/python3 -W ignore:setup.py install is deprecated -W ignore:easy_install command is deprecated setup.py egg_info --egg-base ../build/base_link_description build --build-base /home/arham/tracked_multi/build/base_link_description/build install --record /home/arham/tracked_multi/build/base_link_description/install.log --single-version-externally-managed install_data
